Godot Engine v4.7.2.stable.mono.official.ed1daf0bf - https://godotengine.org
Vulkan 1.4.351 - Forward+ - Using Device #0: NVIDIA - NVIDIA GeForce RTX 5070 Ti Laptop GPU

B_PUPPET_ART accepted volume fur / fabric / cut response
EXPERIMENT_VARIANT B
B_ART_NETWORK_PREPARED ms=7512.0
NET_EVENT {"kind":"session_network","utc":"2026-10-02T22:29:28.5124600Z","monotonicSeconds":10.478,"mode":"join","epoch":0,"detail":{"protocol":25,"transport":"ENet","chunkPayload":900,"window":32}}
NET_EVENT {"kind":"connection_state","utc":"2026-10-02T22:29:28.5277557Z","monotonicSeconds":10.493,"mode":"join","epoch":0,"detail":{"state":"Synchronizing","reason":"initial_join"}}
SESSION_STARTED mode=join port=18231
HAIRBALL_BOOT_OK Godot=4.7.2-stable (official)
NET_EVENT {"kind":"voice_metrics","utc":"2026-10-02T22:29:28.8066898Z","monotonicSeconds":10.772,"mode":"join","epoch":0,"detail":{"sentPackets":0,"opusPackets":0,"featurePackets":0,"voiceSentBytes":0,"voiceRelayBytes":0,"voiceRelayPackets":0,"voiceReceiveBytes":0,"voiceRejected":0,"bitrate":24000,"mixRate":48000,"seconds":0.27500000000000036,"upstreamKbps":0,"streams":[]}}
NET_EVENT {"kind":"peer_bound","utc":"2026-10-02T22:29:29.8861380Z","monotonicSeconds":11.851,"mode":"join","epoch":1,"detail":{"room":"4094a0fffa2742a0b9be0a02e6bc091d","actor":2,"peer":1762387985,"epoch":1}}
CLIENT_CONNECTED 2
NET_EVENT {"kind":"connection_state","utc":"2026-10-02T22:29:36.6419998Z","monotonicSeconds":18.607,"mode":"join","epoch":1,"detail":{"state":"Normal","reason":"snapshot_applied"}}
NET_EVENT {"kind":"voice_metrics","utc":"2026-10-02T22:29:36.6928146Z","monotonicSeconds":18.658,"mode":"join","epoch":1,"detail":{"sentPackets":0,"opusPackets":0,"featurePackets":0,"voiceSentBytes":0,"voiceRelayBytes":0,"voiceRelayPackets":0,"voiceReceiveBytes":0,"voiceRejected":0,"bitrate":16000,"mixRate":48000,"seconds":8.161000000000001,"upstreamKbps":0,"streams":[]}}
NET_EVENT {"kind":"recovery_begin","utc":"2026-10-02T22:29:36.7291049Z","monotonicSeconds":18.694,"mode":"join","epoch":1,"detail":{"reason":"no_progress","deadline":48.694}}
NET_EVENT {"kind":"connection_state","utc":"2026-10-02T22:29:36.7337310Z","monotonicSeconds":18.699,"mode":"join","epoch":1,"detail":{"state":"Reconnecting","reason":"no_progress"}}
NET_EVENT {"kind":"reconnect_attempt","utc":"2026-10-02T22:29:36.7387978Z","monotonicSeconds":18.704,"mode":"join","epoch":0,"detail":{"attempt":2,"backoffStep":1,"error":"Ok"}}
NET_EVENT {"kind":"peer_bound","utc":"2026-10-02T22:29:37.2430303Z","monotonicSeconds":19.208,"mode":"join","epoch":2,"detail":{"room":"4094a0fffa2742a0b9be0a02e6bc091d","actor":2,"peer":1359986066,"epoch":2}}
NET_EVENT {"kind":"connection_state","utc":"2026-10-02T22:29:37.2453132Z","monotonicSeconds":19.211,"mode":"join","epoch":2,"detail":{"state":"Synchronizing","reason":"welcome"}}
CLIENT_CONNECTED 2
NET_EVENT {"kind":"recovery_ready","utc":"2026-10-02T22:29:37.6213861Z","monotonicSeconds":19.587,"mode":"join","epoch":2,"detail":{"actor":2,"revision":983,"remaining":29.107000000000003}}
NET_EVENT {"kind":"connection_state","utc":"2026-10-02T22:29:37.6252278Z","monotonicSeconds":19.591,"mode":"join","epoch":2,"detail":{"state":"Normal","reason":"snapshot_applied"}}
NET_EVENT {"kind":"connection_state","utc":"2026-10-02T22:29:37.8438221Z","monotonicSeconds":19.809,"mode":"join","epoch":2,"detail":{"state":"Waiting","reason":"team_wait"}}
NET_EVENT {"kind":"connection_state","utc":"2026-10-02T22:29:38.1050412Z","monotonicSeconds":20.07,"mode":"join","epoch":2,"detail":{"state":"Normal","reason":"team_continue"}}
PHASE round=1 phase=Arrival peers=2
PHASE round=1 phase=Choice peers=2
NET_EVENT {"kind":"voice_metrics","utc":"2026-10-02T22:29:41.6937962Z","monotonicSeconds":23.659,"mode":"join","epoch":2,"detail":{"sentPackets":0,"opusPackets":0,"featurePackets":0,"voiceSentBytes":0,"voiceRelayBytes":0,"voiceRelayPackets":0,"voiceReceiveBytes":0,"voiceRejected":0,"bitrate":24000,"mixRate":48000,"seconds":13.161999999999999,"upstreamKbps":0,"streams":[]}}
PHASE round=1 phase=Preview peers=2
NET_EVENT {"kind":"voice_metrics","utc":"2026-10-02T22:29:46.6999474Z","monotonicSeconds":28.665,"mode":"join","epoch":2,"detail":{"sentPackets":0,"opusPackets":0,"featurePackets":0,"voiceSentBytes":0,"voiceRelayBytes":0,"voiceRelayPackets":0,"voiceReceiveBytes":0,"voiceRejected":0,"bitrate":24000,"mixRate":48000,"seconds":18.168,"upstreamKbps":0,"streams":[]}}
PHASE round=1 phase=Build peers=2
NET_EVENT {"kind":"voice_metrics","utc":"2026-10-02T22:29:51.7069690Z","monotonicSeconds":33.672,"mode":"join","epoch":2,"detail":{"sentPackets":0,"opusPackets":0,"featurePackets":0,"voiceSentBytes":0,"voiceRelayBytes":0,"voiceRelayPackets":0,"voiceReceiveBytes":0,"voiceRejected":0,"bitrate":24000,"mixRate":48000,"seconds":23.174999999999997,"upstreamKbps":0,"streams":[]}}
NET_EVENT {"kind":"voice_metrics","utc":"2026-10-02T22:29:56.7098224Z","monotonicSeconds":38.675,"mode":"join","epoch":2,"detail":{"sentPackets":0,"opusPackets":0,"featurePackets":0,"voiceSentBytes":0,"voiceRelayBytes":0,"voiceRelayPackets":0,"voiceReceiveBytes":0,"voiceRejected":0,"bitrate":24000,"mixRate":48000,"seconds":28.177999999999997,"upstreamKbps":0,"streams":[]}}
NET_EVENT {"kind":"voice_metrics","utc":"2026-10-02T22:30:01.7128557Z","monotonicSeconds":43.678,"mode":"join","epoch":2,"detail":{"sentPackets":0,"opusPackets":0,"featurePackets":0,"voiceSentBytes":0,"voiceRelayBytes":0,"voiceRelayPackets":0,"voiceReceiveBytes":0,"voiceRejected":0,"bitrate":24000,"mixRate":48000,"seconds":33.181,"upstreamKbps":0,"streams":[]}}
NET_EVENT {"kind":"voice_metrics","utc":"2026-10-02T22:30:06.7188061Z","monotonicSeconds":48.684,"mode":"join","epoch":2,"detail":{"sentPackets":0,"opusPackets":0,"featurePackets":0,"voiceSentBytes":0,"voiceRelayBytes":0,"voiceRelayPackets":0,"voiceReceiveBytes":0,"voiceRejected":0,"bitrate":24000,"mixRate":48000,"seconds":38.187,"upstreamKbps":0,"streams":[]}}
NET_EVENT {"kind":"voice_metrics","utc":"2026-10-02T22:30:11.7226460Z","monotonicSeconds":53.688,"mode":"join","epoch":2,"detail":{"sentPackets":0,"opusPackets":0,"featurePackets":0,"voiceSentBytes":0,"voiceRelayBytes":0,"voiceRelayPackets":0,"voiceReceiveBytes":0,"voiceRejected":0,"bitrate":24000,"mixRate":48000,"seconds":43.191,"upstreamKbps":0,"streams":[]}}
NET_EVENT {"kind":"voice_metrics","utc":"2026-10-02T22:30:16.7244303Z","monotonicSeconds":58.69,"mode":"join","epoch":2,"detail":{"sentPackets":0,"opusPackets":0,"featurePackets":0,"voiceSentBytes":0,"voiceRelayBytes":0,"voiceRelayPackets":0,"voiceReceiveBytes":0,"voiceRejected":0,"bitrate":24000,"mixRate":48000,"seconds":48.193,"upstreamKbps":0,"streams":[]}}
NET_EVENT {"kind":"voice_metrics","utc":"2026-10-02T22:30:21.7296441Z","monotonicSeconds":63.695,"mode":"join","epoch":2,"detail":{"sentPackets":0,"opusPackets":0,"featurePackets":0,"voiceSentBytes":0,"voiceRelayBytes":0,"voiceRelayPackets":0,"voiceReceiveBytes":0,"voiceRejected":0,"bitrate":24000,"mixRate":48000,"seconds":53.198,"upstreamKbps":0,"streams":[]}}
NET_EVENT {"kind":"voice_metrics","utc":"2026-10-02T22:30:26.7333523Z","monotonicSeconds":68.699,"mode":"join","epoch":2,"detail":{"sentPackets":0,"opusPackets":0,"featurePackets":0,"voiceSentBytes":0,"voiceRelayBytes":0,"voiceRelayPackets":0,"voiceReceiveBytes":0,"voiceRejected":0,"bitrate":24000,"mixRate":48000,"seconds":58.202,"upstreamKbps":0,"streams":[]}}
NET_EVENT {"kind":"voice_metrics","utc":"2026-10-02T22:30:31.7347356Z","monotonicSeconds":73.7,"mode":"join","epoch":2,"detail":{"sentPackets":33,"opusPackets":33,"featurePackets":0,"voiceSentBytes":2376,"voiceRelayBytes":0,"voiceRelayPackets":0,"voiceReceiveBytes":0,"voiceRejected":0,"bitrate":24000,"mixRate":48000,"seconds":63.203,"upstreamKbps":0.3007452177902948,"streams":[]}}
NET_EVENT {"kind":"voice_metrics","utc":"2026-10-02T22:30:36.7394724Z","monotonicSeconds":78.705,"mode":"join","epoch":2,"detail":{"sentPackets":99,"opusPackets":99,"featurePackets":0,"voiceSentBytes":7128,"voiceRelayBytes":0,"voiceRelayPackets":0,"voiceReceiveBytes":0,"voiceRejected":0,"bitrate":24000,"mixRate":48000,"seconds":68.208,"upstreamKbps":0.8360309641097818,"streams":[]}}
NET_EVENT {"kind":"voice_metrics","utc":"2026-10-02T22:30:41.7435661Z","monotonicSeconds":83.709,"mode":"join","epoch":2,"detail":{"sentPackets":108,"opusPackets":108,"featurePackets":0,"voiceSentBytes":7776,"voiceRelayBytes":0,"voiceRelayPackets":0,"voiceReceiveBytes":0,"voiceRejected":0,"bitrate":24000,"mixRate":48000,"seconds":73.212,"upstreamKbps":0.849696771021144,"streams":[]}}
NET_EVENT {"kind":"voice_metrics","utc":"2026-10-02T22:30:46.7458989Z","monotonicSeconds":88.711,"mode":"join","epoch":2,"detail":{"sentPackets":160,"opusPackets":160,"featurePackets":0,"voiceSentBytes":11520,"voiceRelayBytes":0,"voiceRelayPackets":0,"voiceReceiveBytes":0,"voiceRejected":0,"bitrate":24000,"mixRate":48000,"seconds":78.214,"upstreamKbps":1.1783056741759788,"streams":[]}}
CAPTURE_SAVED D:\Project\Game\Godot\project_hairball\artifacts\net-cross-border-new-20261002-172915-624-18230-37084\client.png
NET_EVENT {"kind":"voice_metrics","utc":"2026-10-02T22:30:51.7481322Z","monotonicSeconds":93.713,"mode":"join","epoch":2,"detail":{"sentPackets":193,"opusPackets":193,"featurePackets":0,"voiceSentBytes":13896,"voiceRelayBytes":0,"voiceRelayPackets":0,"voiceReceiveBytes":0,"voiceRejected":0,"bitrate":16000,"mixRate":48000,"seconds":83.216,"upstreamKbps":1.3358969428955971,"streams":[]}}
NET_EVENT {"kind":"voice_metrics","utc":"2026-10-02T22:30:56.7495744Z","monotonicSeconds":98.715,"mode":"join","epoch":2,"detail":{"sentPackets":193,"opusPackets":193,"featurePackets":0,"voiceSentBytes":13896,"voiceRelayBytes":0,"voiceRelayPackets":0,"voiceReceiveBytes":0,"voiceRejected":0,"bitrate":24000,"mixRate":48000,"seconds":88.218,"upstreamKbps":1.2601509895939602,"streams":[]}}
NET_EVENT {"kind":"voice_metrics","utc":"2026-10-02T22:31:01.7540244Z","monotonicSeconds":103.719,"mode":"join","epoch":2,"detail":{"sentPackets":211,"opusPackets":211,"featurePackets":0,"voiceSentBytes":15192,"voiceRelayBytes":0,"voiceRelayPackets":0,"voiceReceiveBytes":0,"voiceRejected":0,"bitrate":24000,"mixRate":48000,"seconds":93.222,"upstreamKbps":1.3037265881444295,"streams":[]}}
NET_EVENT {"kind":"voice_metrics","utc":"2026-10-02T22:31:06.7588488Z","monotonicSeconds":108.724,"mode":"join","epoch":2,"detail":{"sentPackets":248,"opusPackets":248,"featurePackets":0,"voiceSentBytes":17856,"voiceRelayBytes":0,"voiceRelayPackets":0,"voiceReceiveBytes":0,"voiceRejected":0,"bitrate":24000,"mixRate":48000,"seconds":98.227,"upstreamKbps":1.4542641025379988,"streams":[]}}
NET_EVENT {"kind":"voice_metrics","utc":"2026-10-02T22:31:11.7631677Z","monotonicSeconds":113.728,"mode":"join","epoch":2,"detail":{"sentPackets":335,"opusPackets":335,"featurePackets":0,"voiceSentBytes":24120,"voiceRelayBytes":0,"voiceRelayPackets":0,"voiceReceiveBytes":0,"voiceRejected":0,"bitrate":24000,"mixRate":48000,"seconds":103.231,"upstreamKbps":1.8692059555753602,"streams":[]}}
NET_EVENT {"kind":"voice_metrics","utc":"2026-10-02T22:31:16.7660726Z","monotonicSeconds":118.731,"mode":"join","epoch":2,"detail":{"sentPackets":386,"opusPackets":386,"featurePackets":0,"voiceSentBytes":27792,"voiceRelayBytes":0,"voiceRelayPackets":0,"voiceReceiveBytes":0,"voiceRejected":0,"bitrate":24000,"mixRate":48000,"seconds":108.234,"upstreamKbps":2.0542158656244807,"streams":[]}}
NET_EVENT {"kind":"voice_metrics","utc":"2026-10-02T22:31:21.7700239Z","monotonicSeconds":123.735,"mode":"join","epoch":2,"detail":{"sentPackets":426,"opusPackets":426,"featurePackets":0,"voiceSentBytes":30672,"voiceRelayBytes":0,"voiceRelayPackets":0,"voiceReceiveBytes":0,"voiceRejected":0,"bitrate":24000,"mixRate":48000,"seconds":113.238,"upstreamKbps":2.16690510252742,"streams":[]}}
NET_EVENT {"kind":"voice_metrics","utc":"2026-10-02T22:31:26.7697809Z","monotonicSeconds":128.735,"mode":"join","epoch":2,"detail":{"sentPackets":446,"opusPackets":446,"featurePackets":0,"voiceSentBytes":32112,"voiceRelayBytes":0,"voiceRelayPackets":0,"voiceReceiveBytes":0,"voiceRejected":0,"bitrate":24000,"mixRate":48000,"seconds":118.23800000000001,"upstreamKbps":2.1727025152658195,"streams":[]}}
NET_EVENT {"kind":"voice_metrics","utc":"2026-10-02T22:31:31.7754347Z","monotonicSeconds":133.741,"mode":"join","epoch":2,"detail":{"sentPackets":446,"opusPackets":446,"featurePackets":0,"voiceSentBytes":32112,"voiceRelayBytes":0,"voiceRelayPackets":0,"voiceReceiveBytes":0,"voiceRejected":0,"bitrate":24000,"mixRate":48000,"seconds":123.24400000000001,"upstreamKbps":2.0844503586381484,"streams":[]}}
NET_EVENT {"kind":"voice_metrics","utc":"2026-10-02T22:31:36.7772795Z","monotonicSeconds":138.743,"mode":"join","epoch":2,"detail":{"sentPackets":446,"opusPackets":446,"featurePackets":0,"voiceSentBytes":32112,"voiceRelayBytes":0,"voiceRelayPackets":0,"voiceReceiveBytes":0,"voiceRejected":0,"bitrate":24000,"mixRate":48000,"seconds":128.24599999999998,"upstreamKbps":2.0031501957176054,"streams":[]}}
NET_EVENT {"kind":"voice_metrics","utc":"2026-10-02T22:31:41.7797818Z","monotonicSeconds":143.745,"mode":"join","epoch":2,"detail":{"sentPackets":463,"opusPackets":463,"featurePackets":0,"voiceSentBytes":33336,"voiceRelayBytes":0,"voiceRelayPackets":0,"voiceReceiveBytes":0,"voiceRejected":0,"bitrate":24000,"mixRate":48000,"seconds":133.248,"upstreamKbps":2.001440922190202,"streams":[]}}
NET_EVENT {"kind":"voice_metrics","utc":"2026-10-02T22:31:46.7852623Z","monotonicSeconds":148.751,"mode":"join","epoch":2,"detail":{"sentPackets":518,"opusPackets":518,"featurePackets":0,"voiceSentBytes":37296,"voiceRelayBytes":0,"voiceRelayPackets":0,"voiceReceiveBytes":0,"voiceRejected":0,"bitrate":24000,"mixRate":48000,"seconds":138.25400000000002,"upstreamKbps":2.158114774256079,"streams":[]}}
NET_EVENT {"kind":"voice_metrics","utc":"2026-10-02T22:31:51.7960076Z","monotonicSeconds":153.761,"mode":"join","epoch":2,"detail":{"sentPackets":518,"opusPackets":518,"featurePackets":0,"voiceSentBytes":37296,"voiceRelayBytes":0,"voiceRelayPackets":0,"voiceReceiveBytes":0,"voiceRejected":0,"bitrate":24000,"mixRate":48000,"seconds":143.264,"upstreamKbps":2.0826446280991737,"streams":[]}}
NET_EVENT {"kind":"voice_metrics","utc":"2026-10-02T22:31:56.8084900Z","monotonicSeconds":158.774,"mode":"join","epoch":2,"detail":{"sentPackets":518,"opusPackets":518,"featurePackets":0,"voiceSentBytes":37296,"voiceRelayBytes":0,"voiceRelayPackets":0,"voiceReceiveBytes":0,"voiceRejected":0,"bitrate":24000,"mixRate":48000,"seconds":148.277,"upstreamKbps":2.0122338596006126,"streams":[]}}
NET_EVENT {"kind":"voice_metrics","utc":"2026-10-02T22:32:01.8132492Z","monotonicSeconds":163.779,"mode":"join","epoch":2,"detail":{"sentPackets":518,"opusPackets":518,"featurePackets":0,"voiceSentBytes":37296,"voiceRelayBytes":0,"voiceRelayPackets":0,"voiceReceiveBytes":0,"voiceRejected":0,"bitrate":24000,"mixRate":48000,"seconds":153.28199999999998,"upstreamKbps":1.94652992523584,"streams":[]}}
NET_EVENT {"kind":"voice_metrics","utc":"2026-10-02T22:32:06.8242975Z","monotonicSeconds":168.79,"mode":"join","epoch":2,"detail":{"sentPackets":518,"opusPackets":518,"featurePackets":0,"voiceSentBytes":37296,"voiceRelayBytes":0,"voiceRelayPackets":0,"voiceReceiveBytes":0,"voiceRejected":0,"bitrate":24000,"mixRate":48000,"seconds":158.293,"upstreamKbps":1.8849096296109111,"streams":[]}}
NET_EVENT {"kind":"voice_metrics","utc":"2026-10-02T22:32:11.8277266Z","monotonicSeconds":173.793,"mode":"join","epoch":2,"detail":{"sentPackets":518,"opusPackets":518,"featurePackets":0,"voiceSentBytes":37296,"voiceRelayBytes":0,"voiceRelayPackets":0,"voiceReceiveBytes":0,"voiceRejected":0,"bitrate":24000,"mixRate":48000,"seconds":163.296,"upstreamKbps":1.8271604938271606,"streams":[]}}
NET_EVENT {"kind":"voice_metrics","utc":"2026-10-02T22:32:16.8319680Z","monotonicSeconds":178.797,"mode":"join","epoch":2,"detail":{"sentPackets":518,"opusPackets":518,"featurePackets":0,"voiceSentBytes":37296,"voiceRelayBytes":0,"voiceRelayPackets":0,"voiceReceiveBytes":0,"voiceRejected":0,"bitrate":24000,"mixRate":48000,"seconds":168.3,"upstreamKbps":1.7728342245989304,"streams":[]}}
NET_EVENT {"kind":"voice_metrics","utc":"2026-10-02T22:32:21.8344640Z","monotonicSeconds":183.8,"mode":"join","epoch":2,"detail":{"sentPackets":518,"opusPackets":518,"featurePackets":0,"voiceSentBytes":37296,"voiceRelayBytes":0,"voiceRelayPackets":0,"voiceReceiveBytes":0,"voiceRejected":0,"bitrate":24000,"mixRate":48000,"seconds":173.303,"upstreamKbps":1.7216551358026115,"streams":[]}}
NET_EVENT {"kind":"voice_metrics","utc":"2026-10-02T22:32:26.8405091Z","monotonicSeconds":188.806,"mode":"join","epoch":2,"detail":{"sentPackets":518,"opusPackets":518,"featurePackets":0,"voiceSentBytes":37296,"voiceRelayBytes":0,"voiceRelayPackets":0,"voiceReceiveBytes":0,"voiceRejected":0,"bitrate":24000,"mixRate":48000,"seconds":178.30900000000003,"upstreamKbps":1.673319910941119,"streams":[]}}
NET_EVENT {"kind":"voice_metrics","utc":"2026-10-02T22:32:31.8527442Z","monotonicSeconds":193.818,"mode":"join","epoch":2,"detail":{"sentPackets":518,"opusPackets":518,"featurePackets":0,"voiceSentBytes":37296,"voiceRelayBytes":0,"voiceRelayPackets":0,"voiceReceiveBytes":0,"voiceRejected":0,"bitrate":24000,"mixRate":48000,"seconds":183.32100000000003,"upstreamKbps":1.6275713093426283,"streams":[]}}
NET_EVENT {"kind":"connection_state","utc":"2026-10-02T22:32:33.1197486Z","monotonicSeconds":195.085,"mode":"join","epoch":2,"detail":{"state":"Unstable","reason":"health_sample"}}
NET_EVENT {"kind":"connection_state","utc":"2026-10-02T22:32:33.4561025Z","monotonicSeconds":195.421,"mode":"join","epoch":2,"detail":{"state":"Normal","reason":"health_sample"}}
REPLAY_RECEIVED frames=36 bytes=30873 phase=Build
NET_EVENT {"kind":"voice_metrics","utc":"2026-10-02T22:32:36.8641168Z","monotonicSeconds":198.829,"mode":"join","epoch":2,"detail":{"sentPackets":518,"opusPackets":518,"featurePackets":0,"voiceSentBytes":37296,"voiceRelayBytes":0,"voiceRelayPackets":0,"voiceReceiveBytes":0,"voiceRejected":0,"bitrate":24000,"mixRate":48000,"seconds":188.332,"upstreamKbps":1.5842660832997049,"streams":[]}}
PHASE round=1 phase=Results peers=2
NET_EVENT {"kind":"voice_metrics","utc":"2026-10-02T22:32:41.8694144Z","monotonicSeconds":203.835,"mode":"join","epoch":2,"detail":{"sentPackets":518,"opusPackets":518,"featurePackets":0,"voiceSentBytes":37296,"voiceRelayBytes":0,"voiceRelayPackets":0,"voiceReceiveBytes":0,"voiceRejected":0,"bitrate":24000,"mixRate":48000,"seconds":193.33800000000002,"upstreamKbps":1.5432455078670515,"streams":[]}}
PHASE round=1 phase=Highlight peers=2
NET_EVENT {"kind":"voice_metrics","utc":"2026-10-02T22:32:46.9255617Z","monotonicSeconds":208.891,"mode":"join","epoch":2,"detail":{"sentPackets":518,"opusPackets":518,"featurePackets":0,"voiceSentBytes":37296,"voiceRelayBytes":0,"voiceRelayPackets":0,"voiceReceiveBytes":0,"voiceRejected":0,"bitrate":24000,"mixRate":48000,"seconds":198.394,"upstreamKbps":1.5039164490861618,"streams":[]}}
NET_EVENT {"kind":"connection_state","utc":"2026-10-02T22:32:49.4044208Z","monotonicSeconds":211.37,"mode":"join","epoch":2,"detail":{"state":"Unstable","reason":"health_sample"}}
NET_EVENT {"kind":"connection_state","utc":"2026-10-02T22:32:50.2602288Z","monotonicSeconds":212.226,"mode":"join","epoch":2,"detail":{"state":"Normal","reason":"health_sample"}}
GALLERY_SAVED C:/Users/LEO/AppData/Roaming/Godot/app_userdata/Project Hairball/gallery\photo-20261002223251212-f622f7429531475da25439a5e7eacded.png
NET_EVENT {"kind":"voice_metrics","utc":"2026-10-02T22:32:51.9318882Z","monotonicSeconds":213.897,"mode":"join","epoch":2,"detail":{"sentPackets":518,"opusPackets":518,"featurePackets":0,"voiceSentBytes":37296,"voiceRelayBytes":0,"voiceRelayPackets":0,"voiceReceiveBytes":0,"voiceRejected":0,"bitrate":16000,"mixRate":48000,"seconds":203.39999999999998,"upstreamKbps":1.4669026548672568,"streams":[]}}
NET_EVENT {"kind":"connection_state","utc":"2026-10-02T22:32:52.2691762Z","monotonicSeconds":214.234,"mode":"join","epoch":2,"detail":{"state":"Unstable","reason":"health_sample"}}
CLIENT_FINAL round=1 players=2 snapshots=300 hash=5AE3331E3671E449
SMOKE_OK client received authoritative match completion
NET_EVENT {"kind":"connection_state","utc":"2026-10-02T22:32:52.6130317Z","monotonicSeconds":214.578,"mode":"join","epoch":2,"detail":{"state":"Normal","reason":"health_sample"}}
PHASE round=1 phase=Complete peers=2
SMOKE_COMPLETION_ACKNOWLEDGED
