Package source "GodotLocal" was successfully updated.
  Determining projects to restore...
  Restored D:\Project\Game\Godot\project_hairball\artifacts\repo-backup-cleanup\restore-check\ProjectHairball.csproj (in 989 ms).
D:\Project\Game\Godot\project_hairball\artifacts\repo-backup-cleanup\restore-check\src\Presentation\GesturePropsView.cs(11,395): warning CS8602: Dereference of a possibly null reference. [D:\Project\Game\Godot\project_hairball\artifacts\repo-backup-cleanup\restore-check\ProjectHairball.csproj]
D:\Project\Game\Godot\project_hairball\artifacts\repo-backup-cleanup\restore-check\src\Presentation\PartyMoldView.cs(38,208): warning CS8602: Dereference of a possibly null reference. [D:\Project\Game\Godot\project_hairball\artifacts\repo-backup-cleanup\restore-check\ProjectHairball.csproj]
  ProjectHairball -> D:\Project\Game\Godot\project_hairball\artifacts\repo-backup-cleanup\restore-check\.godot\mono\temp\bin\Debug\ProjectHairball.dll

Build succeeded.

D:\Project\Game\Godot\project_hairball\artifacts\repo-backup-cleanup\restore-check\src\Presentation\GesturePropsView.cs(11,395): warning CS8602: Dereference of a possibly null reference. [D:\Project\Game\Godot\project_hairball\artifacts\repo-backup-cleanup\restore-check\ProjectHairball.csproj]
D:\Project\Game\Godot\project_hairball\artifacts\repo-backup-cleanup\restore-check\src\Presentation\PartyMoldView.cs(38,208): warning CS8602: Dereference of a possibly null reference. [D:\Project\Game\Godot\project_hairball\artifacts\repo-backup-cleanup\restore-check\ProjectHairball.csproj]
    2 Warning(s)
    0 Error(s)

Time Elapsed 00:00:10.09
Godot Engine v4.7.2.stable.mono.official.ed1daf0bf - https://godotengine.org

[   0% ] [90m[1mfirst_scan_filesystem[22m | Started Project initialization (5 steps)[39m[0m
[   0% ] [90m[1mfirst_scan_filesystem[22m | Scanning file structure...[39m[0m
[  16% ] [90m[1mfirst_scan_filesystem[22m | Loading global class names...[39m[0m
[  33% ] [90m[1mfirst_scan_filesystem[22m | Verifying GDExtensions...[39m[0m
[  50% ] [90m[1mfirst_scan_filesystem[22m | Creating autoload scripts...[39m[0m
[  66% ] [90m[1mfirst_scan_filesystem[22m | Initializing plugins...[39m[0m
[  83% ] [90m[1mfirst_scan_filesystem[22m | Starting file scan...[39m[0m
[92m[ DONE ][39m [1mfirst_scan_filesystem[22m
[0m
[   0% ] [90m[1mupdate_scripts_classes[22m | Started Registering global classes... (158 steps)[39m[0m
[   0% ] [90m[1mupdate_scripts_classes[22m | [39m[0m
[   0% ] [90m[1mupdate_scripts_classes[22m | [39m[0m
[   1% ] [90m[1mupdate_scripts_classes[22m | [39m[0m
[   1% ] [90m[1mupdate_scripts_classes[22m | [39m[0m
[   2% ] [90m[1mupdate_scripts_classes[22m | [39m[0m
[   3% ] [90m[1mupdate_scripts_classes[22m | [39m[0m
[   3% ] [90m[1mupdate_scripts_classes[22m | [39m[0m
[   4% ] [90m[1mupdate_scripts_classes[22m | [39m[0m
[   5% ] [90m[1mupdate_scripts_classes[22m | [39m[0m
[   5% ] [90m[1mupdate_scripts_classes[22m | [39m[0m
[   6% ] [90m[1mupdate_scripts_classes[22m | [39m[0m
[   6% ] [90m[1mupdate_scripts_classes[22m | [39m[0m
[   7% ] [90m[1mupdate_scripts_classes[22m | [39m[0m
[   8% ] [90m[1mupdate_scripts_classes[22m | [39m[0m
[   8% ] [90m[1mupdate_scripts_classes[22m | [39m[0m
[   9% ] [90m[1mupdate_scripts_classes[22m | [39m[0m
[  10% ] [90m[1mupdate_scripts_classes[22m | [39m[0m
[  10% ] [90m[1mupdate_scripts_classes[22m | [39m[0m
[  11% ] [90m[1mupdate_scripts_classes[22m | [39m[0m
[  11% ] [90m[1mupdate_scripts_classes[22m | [39m[0m
[  12% ] [90m[1mupdate_scripts_classes[22m | [39m[0m
[  13% ] [90m[1mupdate_scripts_classes[22m | [39m[0m
[  13% ] [90m[1mupdate_scripts_classes[22m | [39m[0m
[  14% ] [90m[1mupdate_scripts_classes[22m | [39m[0m
[  15% ] [90m[1mupdate_scripts_classes[22m | [39m[0m
[  15% ] [90m[1mupdate_scripts_classes[22m | [39m[0m
[  16% ] [90m[1mupdate_scripts_classes[22m | [39m[0m
[  16% ] [90m[1mupdate_scripts_classes[22m | [39m[0m
[  17% ] [90m[1mupdate_scripts_classes[22m | [39m[0m
[  18% ] [90m[1mupdate_scripts_classes[22m | [39m[0m
[  18% ] [90m[1mupdate_scripts_classes[22m | [39m[0m
[  19% ] [90m[1mupdate_scripts_classes[22m | [39m[0m
[  20% ] [90m[1mupdate_scripts_classes[22m | [39m[0m
[  20% ] [90m[1mupdate_scripts_classes[22m | [39m[0m
[  21% ] [90m[1mupdate_scripts_classes[22m | [39m[0m
[  22% ] [90m[1mupdate_scripts_classes[22m | [39m[0m
[  22% ] [90m[1mupdate_scripts_classes[22m | [39m[0m
[  23% ] [90m[1mupdate_scripts_classes[22m | [39m[0m
[  23% ] [90m[1mupdate_scripts_classes[22m | [39m[0m
[  24% ] [90m[1mupdate_scripts_classes[22m | [39m[0m
[  25% ] [90m[1mupdate_scripts_classes[22m | [39m[0m
[  25% ] [90m[1mupdate_scripts_classes[22m | [39m[0m
[  26% ] [90m[1mupdate_scripts_classes[22m | [39m[0m
[  27% ] [90m[1mupdate_scripts_classes[22m | [39m[0m
[  27% ] [90m[1mupdate_scripts_classes[22m | [39m[0m
[  28% ] [90m[1mupdate_scripts_classes[22m | [39m[0m
[  28% ] [90m[1mupdate_scripts_classes[22m | [39m[0m
[  29% ] [90m[1mupdate_scripts_classes[22m | [39m[0m
[  30% ] [90m[1mupdate_scripts_classes[22m | [39m[0m
[  30% ] [90m[1mupdate_scripts_classes[22m | [39m[0m
[  31% ] [90m[1mupdate_scripts_classes[22m | [39m[0m
[  32% ] [90m[1mupdate_scripts_classes[22m | [39m[0m
[  32% ] [90m[1mupdate_scripts_classes[22m | [39m[0m
[  33% ] [90m[1mupdate_scripts_classes[22m | [39m[0m
[  33% ] [90m[1mupdate_scripts_classes[22m | [39m[0m
[  34% ] [90m[1mupdate_scripts_classes[22m | [39m[0m
[  35% ] [90m[1mupdate_scripts_classes[22m | [39m[0m
[  35% ] [90m[1mupdate_scripts_classes[22m | [39m[0m
[  36% ] [90m[1mupdate_scripts_classes[22m | [39m[0m
[  37% ] [90m[1mupdate_scripts_classes[22m | [39m[0m
[  37% ] [90m[1mupdate_scripts_classes[22m | [39m[0m
[  38% ] [90m[1mupdate_scripts_classes[22m | [39m[0m
[  38% ] [90m[1mupdate_scripts_classes[22m | [39m[0m
[  39% ] [90m[1mupdate_scripts_classes[22m | [39m[0m
[  40% ] [90m[1mupdate_scripts_classes[22m | [39m[0m
[  40% ] [90m[1mupdate_scripts_classes[22m | [39m[0m
[  41% ] [90m[1mupdate_scripts_classes[22m | [39m[0m
[  42% ] [90m[1mupdate_scripts_classes[22m | [39m[0m
[  42% ] [90m[1mupdate_scripts_classes[22m | [39m[0m
[  43% ] [90m[1mupdate_scripts_classes[22m | [39m[0m
[  44% ] [90m[1mupdate_scripts_classes[22m | [39m[0m
[  44% ] [90m[1mupdate_scripts_classes[22m | [39m[0m
[  45% ] [90m[1mupdate_scripts_classes[22m | [39m[0m
[  45% ] [90m[1mupdate_scripts_classes[22m | [39m[0m
[  46% ] [90m[1mupdate_scripts_classes[22m | [39m[0m
[  47% ] [90m[1mupdate_scripts_classes[22m | [39m[0m
[  47% ] [90m[1mupdate_scripts_classes[22m | [39m[0m
[  48% ] [90m[1mupdate_scripts_classes[22m | [39m[0m
[  49% ] [90m[1mupdate_scripts_classes[22m | [39m[0m
[  49% ] [90m[1mupdate_scripts_classes[22m | [39m[0m
[  50% ] [90m[1mupdate_scripts_classes[22m | [39m[0m
[  50% ] [90m[1mupdate_scripts_classes[22m | [39m[0m
[  51% ] [90m[1mupdate_scripts_classes[22m | [39m[0m
[  52% ] [90m[1mupdate_scripts_classes[22m | [39m[0m
[  52% ] [90m[1mupdate_scripts_classes[22m | [39m[0m
[  53% ] [90m[1mupdate_scripts_classes[22m | [39m[0m
[  54% ] [90m[1mupdate_scripts_classes[22m | [39m[0m
[  54% ] [90m[1mupdate_scripts_classes[22m | [39m[0m
[  55% ] [90m[1mupdate_scripts_classes[22m | [39m[0m
[  55% ] [90m[1mupdate_scripts_classes[22m | [39m[0m
[  56% ] [90m[1mupdate_scripts_classes[22m | [39m[0m
[  57% ] [90m[1mupdate_scripts_classes[22m | [39m[0m
[  57% ] [90m[1mupdate_scripts_classes[22m | [39m[0m
[  58% ] [90m[1mupdate_scripts_classes[22m | [39m[0m
[  59% ] [90m[1mupdate_scripts_classes[22m | [39m[0m
[  59% ] [90m[1mupdate_scripts_classes[22m | [39m[0m
[  60% ] [90m[1mupdate_scripts_classes[22m | [39m[0m
[  61% ] [90m[1mupdate_scripts_classes[22m | [39m[0m
[  61% ] [90m[1mupdate_scripts_classes[22m | [39m[0m
[  62% ] [90m[1mupdate_scripts_classes[22m | [39m[0m
[  62% ] [90m[1mupdate_scripts_classes[22m | [39m[0m
[  63% ] [90m[1mupdate_scripts_classes[22m | [39m[0m
[  64% ] [90m[1mupdate_scripts_classes[22m | [39m[0m
[  64% ] [90m[1mupdate_scripts_classes[22m | [39m[0m
[  65% ] [90m[1mupdate_scripts_classes[22m | [39m[0m
[  66% ] [90m[1mupdate_scripts_classes[22m | [39m[0m
[  66% ] [90m[1mupdate_scripts_classes[22m | [39m[0m
[  67% ] [90m[1mupdate_scripts_classes[22m | [39m[0m
[  67% ] [90m[1mupdate_scripts_classes[22m | [39m[0m
[  68% ] [90m[1mupdate_scripts_classes[22m | [39m[0m
[  69% ] [90m[1mupdate_scripts_classes[22m | [39m[0m
[  69% ] [90m[1mupdate_scripts_classes[22m | [39m[0m
[  70% ] [90m[1mupdate_scripts_classes[22m | [39m[0m
[  71% ] [90m[1mupdate_scripts_classes[22m | [39m[0m
[  71% ] [90m[1mupdate_scripts_classes[22m | [39m[0m
[  72% ] [90m[1mupdate_scripts_classes[22m | [39m[0m
[  72% ] [90m[1mupdate_scripts_classes[22m | [39m[0m
[  73% ] [90m[1mupdate_scripts_classes[22m | [39m[0m
[  74% ] [90m[1mupdate_scripts_classes[22m | [39m[0m
[  74% ] [90m[1mupdate_scripts_classes[22m | [39m[0m
[  75% ] [90m[1mupdate_scripts_classes[22m | [39m[0m
[  76% ] [90m[1mupdate_scripts_classes[22m | [39m[0m
[  76% ] [90m[1mupdate_scripts_classes[22m | [39m[0m
[  77% ] [90m[1mupdate_scripts_classes[22m | [39m[0m
[  77% ] [90m[1mupdate_scripts_classes[22m | [39m[0m
[  78% ] [90m[1mupdate_scripts_classes[22m | [39m[0m
[  79% ] [90m[1mupdate_scripts_classes[22m | [39m[0m
[  79% ] [90m[1mupdate_scripts_classes[22m | [39m[0m
[  80% ] [90m[1mupdate_scripts_classes[22m | [39m[0m
[  81% ] [90m[1mupdate_scripts_classes[22m | [39m[0m
[  81% ] [90m[1mupdate_scripts_classes[22m | [39m[0m
[  82% ] [90m[1mupdate_scripts_classes[22m | [39m[0m
[  83% ] [90m[1mupdate_scripts_classes[22m | [39m[0m
[  83% ] [90m[1mupdate_scripts_classes[22m | [39m[0m
[  84% ] [90m[1mupdate_scripts_classes[22m | [39m[0m
[  84% ] [90m[1mupdate_scripts_classes[22m | [39m[0m
[  85% ] [90m[1mupdate_scripts_classes[22m | [39m[0m
[  86% ] [90m[1mupdate_scripts_classes[22m | [39m[0m
[  86% ] [90m[1mupdate_scripts_classes[22m | [39m[0m
[  87% ] [90m[1mupdate_scripts_classes[22m | [39m[0m
[  88% ] [90m[1mupdate_scripts_classes[22m | [39m[0m
[  88% ] [90m[1mupdate_scripts_classes[22m | [39m[0m
[  89% ] [90m[1mupdate_scripts_classes[22m | [39m[0m
[  89% ] [90m[1mupdate_scripts_classes[22m | [39m[0m
[  90% ] [90m[1mupdate_scripts_classes[22m | [39m[0m
[  91% ] [90m[1mupdate_scripts_classes[22m | [39m[0m
[  91% ] [90m[1mupdate_scripts_classes[22m | [39m[0m
[  92% ] [90m[1mupdate_scripts_classes[22m | [39m[0m
[  93% ] [90m[1mupdate_scripts_classes[22m | [39m[0m
[  93% ] [90m[1mupdate_scripts_classes[22m | [39m[0m
[  94% ] [90m[1mupdate_scripts_classes[22m | [39m[0m
[  94% ] [90m[1mupdate_scripts_classes[22m | [39m[0m
[  95% ] [90m[1mupdate_scripts_classes[22m | [39m[0m
[  96% ] [90m[1mupdate_scripts_classes[22m | [39m[0m
[  96% ] [90m[1mupdate_scripts_classes[22m | [39m[0m
[  97% ] [90m[1mupdate_scripts_classes[22m | [39m[0m
[  98% ] [90m[1mupdate_scripts_classes[22m | [39m[0m
[  98% ] [90m[1mupdate_scripts_classes[22m | [39m[0m
[92m[ DONE ][39m [1mupdate_scripts_classes[22m
[0m
[   0% ] [90m[1m_update_scan_actions[22m | Started Scanning actions... (85 steps)[39m[0m
[   0% ] [90m[1m_update_scan_actions[22m | caban_disp_1k.jpg[39m[0m
[   1% ] [90m[1m_update_scan_actions[22m | caban_nor_gl_1k.jpg[39m[0m
[   2% ] [90m[1m_update_scan_actions[22m | wool_boucle_disp_1k.jpg[39m[0m
[   3% ] [90m[1m_update_scan_actions[22m | wool_boucle_nor_gl_1k.jpg[39m[0m
[   4% ] [90m[1m_update_scan_actions[22m | home_bathroom_mirror2.glb[39m[0m
[   5% ] [90m[1m_update_scan_actions[22m | home_carpet_round.glb[39m[0m
[   6% ] [90m[1m_update_scan_actions[22m | home_chair_2.glb[39m[0m
[   8% ] [90m[1m_update_scan_actions[22m | home_chair_3.glb[39m[0m
[   9% ] [90m[1m_update_scan_actions[22m | home_couch_small2.glb[39m[0m
[  10% ] [90m[1m_update_scan_actions[22m | home_houseplant_3.glb[39m[0m
[  11% ] [90m[1m_update_scan_actions[22m | home_kitchen_3drawers.glb[39m[0m
[  12% ] [90m[1m_update_scan_actions[22m | home_light_ceiling6.glb[39m[0m
[  13% ] [90m[1m_update_scan_actions[22m | home_shelf_1.glb[39m[0m
[  15% ] [90m[1m_update_scan_actions[22m | home_stool.glb[39m[0m
[  16% ] [90m[1m_update_scan_actions[22m | polyhaven_barber_chair.glb[39m[0m
[  17% ] [90m[1m_update_scan_actions[22m | quaternius_alpaca.glb[39m[0m
[  18% ] [90m[1m_update_scan_actions[22m | snow_customer.glb[39m[0m
[  19% ] [90m[1m_update_scan_actions[22m | snow_customer_eyes_diffuse.png[39m[0m
[  20% ] [90m[1m_update_scan_actions[22m | snow_customer_skin_diffuse.png[39m[0m
[  22% ] [90m[1m_update_scan_actions[22m | snow_customer_skin_diffuse_1.png[39m[0m
[  23% ] [90m[1m_update_scan_actions[22m | snow_customer_skin_diffuse_2.png[39m[0m
[  24% ] [90m[1m_update_scan_actions[22m | snow_fps.glb[39m[0m
[  25% ] [90m[1m_update_scan_actions[22m | snow_fps_skin_diffuse.png[39m[0m
[  26% ] [90m[1m_update_scan_actions[22m | snow_fps_skin_diffuse_1.png[39m[0m
[  27% ] [90m[1m_update_scan_actions[22m | snow_teammate.glb[39m[0m
[  29% ] [90m[1m_update_scan_actions[22m | snow_teammate_eyes_diffuse.png[39m[0m
[  30% ] [90m[1m_update_scan_actions[22m | snow_teammate_skin_diffuse.png[39m[0m
[  31% ] [90m[1m_update_scan_actions[22m | snow_teammate_skin_diffuse_1.png[39m[0m
[  32% ] [90m[1m_update_scan_actions[22m | snow_teammate_skin_diffuse_2.png[39m[0m
[  33% ] [90m[1m_update_scan_actions[22m | v06_landing_poster.svg[39m[0m
[  34% ] [90m[1m_update_scan_actions[22m | shared-Build.png[39m[0m
[  36% ] [90m[1m_update_scan_actions[22m | mainline-hud.png[39m[0m
[  37% ] [90m[1m_update_scan_actions[22m | client.png[39m[0m
[  38% ] [90m[1m_update_scan_actions[22m | before-after-close.png[39m[0m
[  39% ] [90m[1m_update_scan_actions[22m | three-states.png[39m[0m
[  40% ] [90m[1m_update_scan_actions[22m | carved-core-mask.png[39m[0m
[  41% ] [90m[1m_update_scan_actions[22m | carved-fur-mask.png[39m[0m
[  43% ] [90m[1m_update_scan_actions[22m | carved.png[39m[0m
[  44% ] [90m[1m_update_scan_actions[22m | charred-core-mask.png[39m[0m
[  45% ] [90m[1m_update_scan_actions[22m | charred-fur-mask.png[39m[0m
[  46% ] [90m[1m_update_scan_actions[22m | charred.png[39m[0m
[  47% ] [90m[1m_update_scan_actions[22m | customer-standing-core-mask.png[39m[0m
[  48% ] [90m[1m_update_scan_actions[22m | customer-standing-fur-mask.png[39m[0m
[  50% ] [90m[1m_update_scan_actions[22m | customer-standing.png[39m[0m
[  51% ] [90m[1m_update_scan_actions[22m | frozen-core-mask.png[39m[0m
[  52% ] [90m[1m_update_scan_actions[22m | frozen-fur-mask.png[39m[0m
[  53% ] [90m[1m_update_scan_actions[22m | frozen.png[39m[0m
[  54% ] [90m[1m_update_scan_actions[22m | grown-core-mask.png[39m[0m
[  55% ] [90m[1m_update_scan_actions[22m | grown-fur-mask.png[39m[0m
[  56% ] [90m[1m_update_scan_actions[22m | grown.png[39m[0m
[  58% ] [90m[1m_update_scan_actions[22m | native-cut-core-mask.png[39m[0m
[  59% ] [90m[1m_update_scan_actions[22m | native-cut-fur-mask.png[39m[0m
[  60% ] [90m[1m_update_scan_actions[22m | native-cut.png[39m[0m
[  61% ] [90m[1m_update_scan_actions[22m | normal-close-core-mask.png[39m[0m
[  62% ] [90m[1m_update_scan_actions[22m | normal-close-fur-mask.png[39m[0m
[  63% ] [90m[1m_update_scan_actions[22m | normal-close.png[39m[0m
[  65% ] [90m[1m_update_scan_actions[22m | normal-core-mask.png[39m[0m
[  66% ] [90m[1m_update_scan_actions[22m | normal-fur-mask.png[39m[0m
[  67% ] [90m[1m_update_scan_actions[22m | normal.png[39m[0m
[  68% ] [90m[1m_update_scan_actions[22m | trimmed-core-mask.png[39m[0m
[  69% ] [90m[1m_update_scan_actions[22m | trimmed-fur-mask.png[39m[0m
[  70% ] [90m[1m_update_scan_actions[22m | trimmed.png[39m[0m
[  72% ] [90m[1m_update_scan_actions[22m | wet-core-mask.png[39m[0m
[  73% ] [90m[1m_update_scan_actions[22m | wet-fur-mask.png[39m[0m
[  74% ] [90m[1m_update_scan_actions[22m | wet.png[39m[0m
[  75% ] [90m[1m_update_scan_actions[22m | 01_first_person_gameplay.png[39m[0m
[  76% ] [90m[1m_update_scan_actions[22m | 01_shared_head_first_person_helipad.png[39m[0m
[  77% ] [90m[1m_update_scan_actions[22m | 02_hair_system_states.png[39m[0m
[  79% ] [90m[1m_update_scan_actions[22m | 02_shared_head_first_person_llama_nest.png[39m[0m
[  80% ] [90m[1m_update_scan_actions[22m | 03_multiplayer_chaos.png[39m[0m
[  81% ] [90m[1m_update_scan_actions[22m | 03_shared_head_salon_layout.png[39m[0m
[  82% ] [90m[1m_update_scan_actions[22m | 04_absurd_goal_validation_helipad.png[39m[0m
[  83% ] [90m[1m_update_scan_actions[22m | 04_customer_archetypes.png[39m[0m
[  84% ] [90m[1m_update_scan_actions[22m | 05_hair_system_states.png[39m[0m
[  86% ] [90m[1m_update_scan_actions[22m | 05_solid_hair_style.png[39m[0m
[  87% ] [90m[1m_update_scan_actions[22m | 06_solid_hair_states.png[39m[0m
[  88% ] [90m[1m_update_scan_actions[22m | 01_helipad_board_and_maquette.png[39m[0m
[  89% ] [90m[1m_update_scan_actions[22m | 02_hair_material_states.png[39m[0m
[  90% ] [90m[1m_update_scan_actions[22m | 03_bird_nest_board_and_maquette.png[39m[0m
[  91% ] [90m[1m_update_scan_actions[22m | 04_target_station_rocket_silo.png[39m[0m
[  93% ] [90m[1m_update_scan_actions[22m | 01_live_helipad_landing_ad_reference.png[39m[0m
[  94% ] [90m[1m_update_scan_actions[22m | 02_customer_mirror_coverup_reference.png[39m[0m
[  95% ] [90m[1m_update_scan_actions[22m | 03_directional_attention_telegraph_reference.png[39m[0m
[  96% ] [90m[1m_update_scan_actions[22m | 04_physical_bird_nest_props_future_reference.png[39m[0m
[  97% ] [90m[1m_update_scan_actions[22m | V06_PLAYTEST_RECORD_TEMPLATE.csv[39m[0m
[92m[ DONE ][39m [1m_update_scan_actions[22m
[0m
[   0% ] [90m[1mreimport[22m | Started (Re)Importing Assets (85 steps)[39m[0m
[   0% ] [90m[1mreimport[22m | Preparing files to reimport...[39m[0m
[   1% ] [90m[1mreimport[22m | Preparing files to reimport...[39m[0m
[   2% ] [90m[1mreimport[22m | Preparing files to reimport...[39m[0m
[   3% ] [90m[1mreimport[22m | Preparing files to reimport...[39m[0m
[   4% ] [90m[1mreimport[22m | Preparing files to reimport...[39m[0m
[   5% ] [90m[1mreimport[22m | Preparing files to reimport...[39m[0m
[   6% ] [90m[1mreimport[22m | Preparing files to reimport...[39m[0m
[   8% ] [90m[1mreimport[22m | Preparing files to reimport...[39m[0m
[   9% ] [90m[1mreimport[22m | Preparing files to reimport...[39m[0m
[  10% ] [90m[1mreimport[22m | Preparing files to reimport...[39m[0m
[  11% ] [90m[1mreimport[22m | Preparing files to reimport...[39m[0m
[  12% ] [90m[1mreimport[22m | Preparing files to reimport...[39m[0m
[  13% ] [90m[1mreimport[22m | Preparing files to reimport...[39m[0m
[  15% ] [90m[1mreimport[22m | Preparing files to reimport...[39m[0m
[  16% ] [90m[1mreimport[22m | Preparing files to reimport...[39m[0m
[  17% ] [90m[1mreimport[22m | Preparing files to reimport...[39m[0m
[  18% ] [90m[1mreimport[22m | Preparing files to reimport...[39m[0m
[  19% ] [90m[1mreimport[22m | Preparing files to reimport...[39m[0m
[  20% ] [90m[1mreimport[22m | Preparing files to reimport...[39m[0m
[  22% ] [90m[1mreimport[22m | Preparing files to reimport...[39m[0m
[  23% ] [90m[1mreimport[22m | Preparing files to reimport...[39m[0m
[  24% ] [90m[1mreimport[22m | Preparing files to reimport...[39m[0m
[  25% ] [90m[1mreimport[22m | Preparing files to reimport...[39m[0m
[  26% ] [90m[1mreimport[22m | Preparing files to reimport...[39m[0m
[  27% ] [90m[1mreimport[22m | Preparing files to reimport...[39m[0m
[  29% ] [90m[1mreimport[22m | Preparing files to reimport...[39m[0m
[  30% ] [90m[1mreimport[22m | Preparing files to reimport...[39m[0m
[  31% ] [90m[1mreimport[22m | Preparing files to reimport...[39m[0m
[  32% ] [90m[1mreimport[22m | Preparing files to reimport...[39m[0m
[  33% ] [90m[1mreimport[22m | Preparing files to reimport...[39m[0m
[  34% ] [90m[1mreimport[22m | Preparing files to reimport...[39m[0m
[  36% ] [90m[1mreimport[22m | Preparing files to reimport...[39m[0m
[  37% ] [90m[1mreimport[22m | Preparing files to reimport...[39m[0m
[  38% ] [90m[1mreimport[22m | Preparing files to reimport...[39m[0m
[  39% ] [90m[1mreimport[22m | Preparing files to reimport...[39m[0m
[  40% ] [90m[1mreimport[22m | Preparing files to reimport...[39m[0m
[  41% ] [90m[1mreimport[22m | Preparing files to reimport...[39m[0m
[  43% ] [90m[1mreimport[22m | Preparing files to reimport...[39m[0m
[  44% ] [90m[1mreimport[22m | Preparing files to reimport...[39m[0m
[  45% ] [90m[1mreimport[22m | Preparing files to reimport...[39m[0m
[  46% ] [90m[1mreimport[22m | Preparing files to reimport...[39m[0m
[  47% ] [90m[1mreimport[22m | Preparing files to reimport...[39m[0m
[  48% ] [90m[1mreimport[22m | Preparing files to reimport...[39m[0m
[  50% ] [90m[1mreimport[22m | Preparing files to reimport...[39m[0m
[  51% ] [90m[1mreimport[22m | Preparing files to reimport...[39m[0m
[  52% ] [90m[1mreimport[22m | Preparing files to reimport...[39m[0m
[  53% ] [90m[1mreimport[22m | Preparing files to reimport...[39m[0m
[  54% ] [90m[1mreimport[22m | Preparing files to reimport...[39m[0m
[  55% ] [90m[1mreimport[22m | Preparing files to reimport...[39m[0m
[  56% ] [90m[1mreimport[22m | Preparing files to reimport...[39m[0m
[  58% ] [90m[1mreimport[22m | Preparing files to reimport...[39m[0m
[  59% ] [90m[1mreimport[22m | Preparing files to reimport...[39m[0m
[  60% ] [90m[1mreimport[22m | Preparing files to reimport...[39m[0m
[  61% ] [90m[1mreimport[22m | Preparing files to reimport...[39m[0m
[  62% ] [90m[1mreimport[22m | Preparing files to reimport...[39m[0m
[  63% ] [90m[1mreimport[22m | Preparing files to reimport...[39m[0m
[  65% ] [90m[1mreimport[22m | Preparing files to reimport...[39m[0m
[  66% ] [90m[1mreimport[22m | Preparing files to reimport...[39m[0m
[  67% ] [90m[1mreimport[22m | Preparing files to reimport...[39m[0m
[  68% ] [90m[1mreimport[22m | Preparing files to reimport...[39m[0m
[  69% ] [90m[1mreimport[22m | Preparing files to reimport...[39m[0m
[  70% ] [90m[1mreimport[22m | Preparing files to reimport...[39m[0m
[  72% ] [90m[1mreimport[22m | Preparing files to reimport...[39m[0m
[  73% ] [90m[1mreimport[22m | Preparing files to reimport...[39m[0m
[  74% ] [90m[1mreimport[22m | Preparing files to reimport...[39m[0m
[  75% ] [90m[1mreimport[22m | Preparing files to reimport...[39m[0m
[  76% ] [90m[1mreimport[22m | Preparing files to reimport...[39m[0m
[  77% ] [90m[1mreimport[22m | Preparing files to reimport...[39m[0m
[  79% ] [90m[1mreimport[22m | Preparing files to reimport...[39m[0m
[  80% ] [90m[1mreimport[22m | Preparing files to reimport...[39m[0m
[  81% ] [90m[1mreimport[22m | Preparing files to reimport...[39m[0m
[  82% ] [90m[1mreimport[22m | Preparing files to reimport...[39m[0m
[  83% ] [90m[1mreimport[22m | Preparing files to reimport...[39m[0m
[  84% ] [90m[1mreimport[22m | Preparing files to reimport...[39m[0m
[  86% ] [90m[1mreimport[22m | Preparing files to reimport...[39m[0m
[  87% ] [90m[1mreimport[22m | Preparing files to reimport...[39m[0m
[  88% ] [90m[1mreimport[22m | Preparing files to reimport...[39m[0m
[  89% ] [90m[1mreimport[22m | Preparing files to reimport...[39m[0m
[  90% ] [90m[1mreimport[22m | Preparing files to reimport...[39m[0m
[  91% ] [90m[1mreimport[22m | Preparing files to reimport...[39m[0m
[  93% ] [90m[1mreimport[22m | Preparing files to reimport...[39m[0m
[  94% ] [90m[1mreimport[22m | Preparing files to reimport...[39m[0m
[  95% ] [90m[1mreimport[22m | Preparing files to reimport...[39m[0m
[  96% ] [90m[1mreimport[22m | Preparing files to reimport...[39m[0m
[  97% ] [90m[1mreimport[22m | Preparing files to reimport...[39m[0m
[   0% ] [90m[1mreimport[22m | Executing pre-reimport operations...[39m[0m
[   0% ] [90m[1mpreload_reimporting_scene[22m | Started Preparing scenes for reload (1 steps)[39m[0m
[   0% ] [90m[1mpreload_reimporting_scene[22m | Analyzing scene [empty][39m[0m
[  50% ] [90m[1mpreload_reimporting_scene[22m | Preparation done.[39m[0m
[92m[ DONE ][39m [1mpreload_reimporting_scene[22m
[0m
[   0% ] [90m[1mreimport[22m | V06_PLAYTEST_RECORD_TEMPLATE.csv[39m[0m
WARNING: Locale 'round' does not contain any translation. This locale will be ignored.
   at: import (editor/import/resource_importer_csv_translation.cpp:239)
WARNING: Locale 'variant' does not contain any translation. This locale will be ignored.
   at: import (editor/import/resource_importer_csv_translation.cpp:239)
WARNING: Locale 'player' does not contain any translation. This locale will be ignored.
   at: import (editor/import/resource_importer_csv_translation.cpp:239)
WARNING: Locale 'time' does not contain any translation. This locale will be ignored.
   at: import (editor/import/resource_importer_csv_translation.cpp:239)
WARNING: Locale 'behavior' does not contain any translation. This locale will be ignored.
   at: import (editor/import/resource_importer_csv_translation.cpp:239)
WARNING: Locale 'dangerous' does not contain any translation. This locale will be ignored.
   at: import (editor/import/resource_importer_csv_translation.cpp:239)
WARNING: Locale 'dangerous' does not contain any translation. This locale will be ignored.
   at: import (editor/import/resource_importer_csv_translation.cpp:239)
WARNING: Locale 'pressure' does not contain any translation. This locale will be ignored.
   at: import (editor/import/resource_importer_csv_translation.cpp:239)
WARNING: Locale 'customer' does not contain any translation. This locale will be ignored.
   at: import (editor/import/resource_importer_csv_translation.cpp:239)
WARNING: Locale 'incident' does not contain any translation. This locale will be ignored.
   at: import (editor/import/resource_importer_csv_translation.cpp:239)
WARNING: Locale 'notes' does not contain any translation. This locale will be ignored.
   at: import (editor/import/resource_importer_csv_translation.cpp:239)
[   1% ] [90m[1mreimport[22m | V06_PLAYTEST_RECORD_TEMPLATE.csv[39m[0m
[   2% ] [90m[1mreimport[22m | wet-core-mask.png[39m[0m
[   3% ] [90m[1mreimport[22m | trimmed.png[39m[0m
[   4% ] [90m[1mreimport[22m | trimmed-fur-mask.png[39m[0m
[   5% ] [90m[1mreimport[22m | trimmed-core-mask.png[39m[0m
[   6% ] [90m[1mreimport[22m | normal.png[39m[0m
[   8% ] [90m[1mreimport[22m | normal-fur-mask.png[39m[0m
[   9% ] [90m[1mreimport[22m | normal-core-mask.png[39m[0m
[  10% ] [90m[1mreimport[22m | normal-close.png[39m[0m
[  11% ] [90m[1mreimport[22m | normal-close-fur-mask.png[39m[0m
[  12% ] [90m[1mreimport[22m | normal-close-core-mask.png[39m[0m
[  13% ] [90m[1mreimport[22m | native-cut.png[39m[0m
[  15% ] [90m[1mreimport[22m | native-cut-fur-mask.png[39m[0m
[  16% ] [90m[1mreimport[22m | native-cut-core-mask.png[39m[0m
[  17% ] [90m[1mreimport[22m | grown.png[39m[0m
[  18% ] [90m[1mreimport[22m | grown-fur-mask.png[39m[0m
[  19% ] [90m[1mreimport[22m | grown-core-mask.png[39m[0m
[  20% ] [90m[1mreimport[22m | frozen.png[39m[0m
[  22% ] [90m[1mreimport[22m | frozen-fur-mask.png[39m[0m
[  23% ] [90m[1mreimport[22m | frozen-core-mask.png[39m[0m
[  24% ] [90m[1mreimport[22m | customer-standing.png[39m[0m
[  25% ] [90m[1mreimport[22m | 04_physical_bird_nest_props_future_reference.png[39m[0m
[  26% ] [90m[1mreimport[22m | 03_directional_attention_telegraph_reference.png[39m[0m
[  27% ] [90m[1mreimport[22m | 02_customer_mirror_coverup_reference.png[39m[0m
[  29% ] [90m[1mreimport[22m | 01_live_helipad_landing_ad_reference.png[39m[0m
[  30% ] [90m[1mreimport[22m | 04_target_station_rocket_silo.png[39m[0m
[  31% ] [90m[1mreimport[22m | 03_bird_nest_board_and_maquette.png[39m[0m
[  32% ] [90m[1mreimport[22m | 02_hair_material_states.png[39m[0m
[  33% ] [90m[1mreimport[22m | 01_helipad_board_and_maquette.png[39m[0m
[  34% ] [90m[1mreimport[22m | 06_solid_hair_states.png[39m[0m
[  36% ] [90m[1mreimport[22m | 05_solid_hair_style.png[39m[0m
[  37% ] [90m[1mreimport[22m | 05_hair_system_states.png[39m[0m
[  38% ] [90m[1mreimport[22m | 04_customer_archetypes.png[39m[0m
[  39% ] [90m[1mreimport[22m | 04_absurd_goal_validation_helipad.png[39m[0m
[  40% ] [90m[1mreimport[22m | 03_shared_head_salon_layout.png[39m[0m
[  41% ] [90m[1mreimport[22m | 03_multiplayer_chaos.png[39m[0m
[  43% ] [90m[1mreimport[22m | 02_shared_head_first_person_llama_nest.png[39m[0m
[  44% ] [90m[1mreimport[22m | 02_hair_system_states.png[39m[0m
[  45% ] [90m[1mreimport[22m | 01_shared_head_first_person_helipad.png[39m[0m
[  46% ] [90m[1mreimport[22m | 01_first_person_gameplay.png[39m[0m
[  47% ] [90m[1mreimport[22m | wet.png[39m[0m
[  48% ] [90m[1mreimport[22m | wet-fur-mask.png[39m[0m
[  50% ] [90m[1mreimport[22m | caban_disp_1k.jpg[39m[0m
[  51% ] [90m[1mreimport[22m | caban_nor_gl_1k.jpg[39m[0m
[  52% ] [90m[1mreimport[22m | wool_boucle_disp_1k.jpg[39m[0m
[  53% ] [90m[1mreimport[22m | wool_boucle_nor_gl_1k.jpg[39m[0m
[  54% ] [90m[1mreimport[22m | snow_customer_eyes_diffuse.png[39m[0m
[  55% ] [90m[1mreimport[22m | snow_customer_skin_diffuse.png[39m[0m
[  56% ] [90m[1mreimport[22m | snow_customer_skin_diffuse_1.png[39m[0m
[  58% ] [90m[1mreimport[22m | snow_customer_skin_diffuse_2.png[39m[0m
[  59% ] [90m[1mreimport[22m | snow_fps_skin_diffuse.png[39m[0m
[  60% ] [90m[1mreimport[22m | snow_fps_skin_diffuse_1.png[39m[0m
[  61% ] [90m[1mreimport[22m | snow_teammate_eyes_diffuse.png[39m[0m
[  62% ] [90m[1mreimport[22m | snow_teammate_skin_diffuse.png[39m[0m
[  63% ] [90m[1mreimport[22m | snow_teammate_skin_diffuse_1.png[39m[0m
[  65% ] [90m[1mreimport[22m | snow_teammate_skin_diffuse_2.png[39m[0m
[  66% ] [90m[1mreimport[22m | customer-standing-fur-mask.png[39m[0m
[  67% ] [90m[1mreimport[22m | customer-standing-core-mask.png[39m[0m
[  68% ] [90m[1mreimport[22m | charred.png[39m[0m
[  69% ] [90m[1mreimport[22m | charred-fur-mask.png[39m[0m
[  70% ] [90m[1mreimport[22m | charred-core-mask.png[39m[0m
[  72% ] [90m[1mreimport[22m | carved.png[39m[0m
[  73% ] [90m[1mreimport[22m | carved-fur-mask.png[39m[0m
[  74% ] [90m[1mreimport[22m | carved-core-mask.png[39m[0m
[  75% ] [90m[1mreimport[22m | v06_landing_poster.svg[39m[0m
[  76% ] [90m[1mreimport[22m | three-states.png[39m[0m
[  77% ] [90m[1mreimport[22m | before-after-close.png[39m[0m
[  79% ] [90m[1mreimport[22m | shared-Build.png[39m[0m
[  80% ] [90m[1mreimport[22m | mainline-hud.png[39m[0m
[  81% ] [90m[1mreimport[22m | home_bathroom_mirror2.glb[39m[0m
[   0% ] [90m[1mimport[22m | Started Import Scene (104 steps)[39m[0m
[   0% ] [90m[1mimport[22m | Importing Scene...[39m[0m
[   1% ] [90m[1mimport[22m | Running Custom Script...[39m[0m
[  99% ] [90m[1mimport[22m | Saving...[39m[0m
[92m[ DONE ][39m [1mimport[22m
[0m
[  82% ] [90m[1mreimport[22m | home_carpet_round.glb[39m[0m
[   0% ] [90m[1mimport[22m | Started Import Scene (104 steps)[39m[0m
[   0% ] [90m[1mimport[22m | Importing Scene...[39m[0m
[   1% ] [90m[1mimport[22m | Running Custom Script...[39m[0m
[  99% ] [90m[1mimport[22m | Saving...[39m[0m
[92m[ DONE ][39m [1mimport[22m
[0m
[  83% ] [90m[1mreimport[22m | home_chair_2.glb[39m[0m
[   0% ] [90m[1mimport[22m | Started Import Scene (104 steps)[39m[0m
[   0% ] [90m[1mimport[22m | Importing Scene...[39m[0m
[   1% ] [90m[1mimport[22m | Running Custom Script...[39m[0m
[  99% ] [90m[1mimport[22m | Saving...[39m[0m
[92m[ DONE ][39m [1mimport[22m
[0m
[  84% ] [90m[1mreimport[22m | home_chair_3.glb[39m[0m
[   0% ] [90m[1mimport[22m | Started Import Scene (104 steps)[39m[0m
[   0% ] [90m[1mimport[22m | Importing Scene...[39m[0m
[   1% ] [90m[1mimport[22m | Running Custom Script...[39m[0m
[  99% ] [90m[1mimport[22m | Saving...[39m[0m
[92m[ DONE ][39m [1mimport[22m
[0m
[  86% ] [90m[1mreimport[22m | home_couch_small2.glb[39m[0m
[   0% ] [90m[1mimport[22m | Started Import Scene (104 steps)[39m[0m
[   0% ] [90m[1mimport[22m | Importing Scene...[39m[0m
[   1% ] [90m[1mimport[22m | Running Custom Script...[39m[0m
[  99% ] [90m[1mimport[22m | Saving...[39m[0m
[92m[ DONE ][39m [1mimport[22m
[0m
[  87% ] [90m[1mreimport[22m | home_houseplant_3.glb[39m[0m
[   0% ] [90m[1mimport[22m | Started Import Scene (104 steps)[39m[0m
[   0% ] [90m[1mimport[22m | Importing Scene...[39m[0m
[   1% ] [90m[1mimport[22m | Running Custom Script...[39m[0m
[  99% ] [90m[1mimport[22m | Saving...[39m[0m
[92m[ DONE ][39m [1mimport[22m
[0m
[  88% ] [90m[1mreimport[22m | home_kitchen_3drawers.glb[39m[0m
[   0% ] [90m[1mimport[22m | Started Import Scene (104 steps)[39m[0m
[   0% ] [90m[1mimport[22m | Importing Scene...[39m[0m
[   1% ] [90m[1mimport[22m | Running Custom Script...[39m[0m
[  99% ] [90m[1mimport[22m | Saving...[39m[0m
[92m[ DONE ][39m [1mimport[22m
[0m
[  89% ] [90m[1mreimport[22m | home_light_ceiling6.glb[39m[0m
[   0% ] [90m[1mimport[22m | Started Import Scene (104 steps)[39m[0m
[   0% ] [90m[1mimport[22m | Importing Scene...[39m[0m
[   1% ] [90m[1mimport[22m | Running Custom Script...[39m[0m
[  99% ] [90m[1mimport[22m | Saving...[39m[0m
[92m[ DONE ][39m [1mimport[22m
[0m
[  90% ] [90m[1mreimport[22m | home_shelf_1.glb[39m[0m
[   0% ] [90m[1mimport[22m | Started Import Scene (104 steps)[39m[0m
[   0% ] [90m[1mimport[22m | Importing Scene...[39m[0m
[   1% ] [90m[1mimport[22m | Running Custom Script...[39m[0m
[  99% ] [90m[1mimport[22m | Saving...[39m[0m
[92m[ DONE ][39m [1mimport[22m
[0m
[  91% ] [90m[1mreimport[22m | home_stool.glb[39m[0m
[   0% ] [90m[1mimport[22m | Started Import Scene (104 steps)[39m[0m
[   0% ] [90m[1mimport[22m | Importing Scene...[39m[0m
[   1% ] [90m[1mimport[22m | Running Custom Script...[39m[0m
[  99% ] [90m[1mimport[22m | Saving...[39m[0m
[92m[ DONE ][39m [1mimport[22m
[0m
[  93% ] [90m[1mreimport[22m | polyhaven_barber_chair.glb[39m[0m
[   0% ] [90m[1mimport[22m | Started Import Scene (104 steps)[39m[0m
[   0% ] [90m[1mimport[22m | Importing Scene...[39m[0m
[   1% ] [90m[1mimport[22m | Running Custom Script...[39m[0m
[  99% ] [90m[1mimport[22m | Saving...[39m[0m
[92m[ DONE ][39m [1mimport[22m
[0m
[  94% ] [90m[1mreimport[22m | quaternius_alpaca.glb[39m[0m
[   0% ] [90m[1mimport[22m | Started Import Scene (104 steps)[39m[0m
[   0% ] [90m[1mimport[22m | Importing Scene...[39m[0m
[   1% ] [90m[1mimport[22m | Running Custom Script...[39m[0m
[  99% ] [90m[1mimport[22m | Saving...[39m[0m
[92m[ DONE ][39m [1mimport[22m
[0m
[  95% ] [90m[1mreimport[22m | snow_customer.glb[39m[0m
[   0% ] [90m[1mimport[22m | Started Import Scene (104 steps)[39m[0m
[   0% ] [90m[1mimport[22m | Importing Scene...[39m[0m
[   1% ] [90m[1mimport[22m | Running Custom Script...[39m[0m
[  99% ] [90m[1mimport[22m | Saving...[39m[0m
[92m[ DONE ][39m [1mimport[22m
[0m
[  96% ] [90m[1mreimport[22m | snow_teammate.glb[39m[0m
[   0% ] [90m[1mimport[22m | Started Import Scene (104 steps)[39m[0m
[   0% ] [90m[1mimport[22m | Importing Scene...[39m[0m
[   1% ] [90m[1mimport[22m | Running Custom Script...[39m[0m
[  99% ] [90m[1mimport[22m | Saving...[39m[0m
[92m[ DONE ][39m [1mimport[22m
[0m
[  97% ] [90m[1mreimport[22m | snow_fps.glb[39m[0m
[   0% ] [90m[1mimport[22m | Started Import Scene (104 steps)[39m[0m
[   0% ] [90m[1mimport[22m | Importing Scene...[39m[0m
[   1% ] [90m[1mimport[22m | Running Custom Script...[39m[0m
[  99% ] [90m[1mimport[22m | Saving...[39m[0m
[92m[ DONE ][39m [1mimport[22m
[0m
[  98% ] [90m[1mreimport[22m | Finalizing Asset Import...[39m[0m
[92m[ DONE ][39m [1mreimport[22m
[0m
[   0% ] [90m[1mreimport[22m | Started (Re)Importing Assets (85 steps)[39m[0m
[   0% ] [90m[1mreimport[22m | Executing post-reimport operations...[39m[0m
[92m[ DONE ][39m [1mreimport[22m
[0m
[   0% ] [90m[1mloading_editor_layout[22m | Started Loading editor (5 steps)[39m[0m
[   0% ] [90m[1mloading_editor_layout[22m | Loading editor layout...[39m[0m
[  16% ] [90m[1mloading_editor_layout[22m | Loading docks...[39m[0m
[92m[ DONE ][39m [1mloading_editor_layout[22m
[0m
